============================= test session starts =============================
platform win32 -- Python 3.13.9, pytest-8.4.2, pluggy-1.6.0 -- C:\Users\Miguel\AppData\Local\Microsoft\WindowsApps\PythonSoftwareFoundation.Python.3.13_qbz5n2kfra8p0\python.exe
cachedir: .pytest_cache
rootdir: C:\Users\Miguel\Documents\Flask Projects\BackFinca
plugins: anyio-4.10.0, Faker-37.6.0, cov-6.2.1, mock-3.14.0
collecting ... collected 0 items / 1 error

=================================== ERRORS ====================================
________________ ERROR collecting test_add_animal_to_field.py _________________
ImportError while importing test module 'C:\Users\Miguel\Documents\Flask Projects\BackFinca\test_add_animal_to_field.py'.
Hint: make sure your test modules/packages have valid Python names.
Traceback:
C:\Program Files\WindowsApps\PythonSoftwareFoundation.Python.3.13_3.13.2544.0_x64__qbz5n2kfra8p0\Lib\importlib\__init__.py:88: in import_module
    return _bootstrap._gcd_import(name[level:], package, level)
           ^^^^^^^^^^^^^^^^^^^^^^^^^^^^^^^^^^^^^^^^^^^^^^^^^^^^
test_add_animal_to_field.py:3: in <module>
    from app import create_app, db
app\__init__.py:6: in <module>
    from flask_caching import Cache
E   ModuleNotFoundError: No module named 'flask_caching'
============================== warnings summary ===============================
..\..\..\AppData\Local\Packages\PythonSoftwareFoundation.Python.3.13_qbz5n2kfra8p0\LocalCache\local-packages\Python313\site-packages\flask_restx\api.py:19
..\..\..\AppData\Local\Packages\PythonSoftwareFoundation.Python.3.13_qbz5n2kfra8p0\LocalCache\local-packages\Python313\site-packages\flask_restx\api.py:19
  C:\Users\Miguel\AppData\Local\Packages\PythonSoftwareFoundation.Python.3.13_qbz5n2kfra8p0\LocalCache\local-packages\Python313\site-packages\flask_restx\api.py:19: DeprecationWarning: jsonschema.RefResolver is deprecated as of v4.18.0, in favor of the https://github.com/python-jsonschema/referencing library, which provides more compliant referencing behavior as well as more flexible APIs for customization. A future release will remove RefResolver. Please file a feature request (on referencing) if you are missing an API for the kind of customization you need.
    from jsonschema import RefResolver

-- Docs: https://docs.pytest.org/en/stable/how-to/capture-warnings.html
=========================== short test summary info ===========================
ERROR test_add_animal_to_field.py
!!!!!!!!!!!!!!!!!!! Interrupted: 1 error during collection !!!!!!!!!!!!!!!!!!!!
======================== 2 warnings, 1 error in 0.97s =========================
